converter.ts(6,7): error TS2322: Type 'Rgb | undefined' is not assignable to type 'Rgb'.
  Type 'undefined' is not assignable to type 'Rgb'.
converter.ts(10,7): error TS2322: Type 'Lab | undefined' is not assignable to type 'Rgb'.
  Type 'undefined' is not assignable to type 'Rgb'.
map.ts(28,7): error TS2739: Type 'Rgb' is missing the following properties from type 'Hsl': h, s, l
map.ts(36,7): error TS2322: Type 'Rgb | undefined' is not assignable to type 'Hsl | undefined'.
  Type 'Rgb' is not assignable to type 'Hsl'.
map.ts(47,7): error TS2322: Type 'Color | undefined' is not assignable to type 'Okhsv | undefined'.
  Type 'A98' is missing the following properties from type 'Okhsv': h, s, v
map.ts(66,7): error TS2322: Type 'Rgb | undefined' is not assignable to type 'Okhsv | undefined'.
  Type 'Rgb' is missing the following properties from type 'Okhsv': h, s, v
map.ts(70,7): error TS2322: Type 'Rgb' is not assignable to type 'Hsl'.
map.ts(92,7): error TS2322: Type 'Hsl | undefined' is not assignable to type 'Hsl'.
  Type 'undefined' is not assignable to type 'Hsl'.
map.ts(96,7): error TS2322: Type 'Rgb | undefined' is not assignable to type 'Rgb'.
  Type 'undefined' is not assignable to type 'Rgb'.
map.ts(107,9): error TS2322: Type 'Rgb' is not assignable to type 'Hsl'.
map.ts(109,9): error TS2322: Type '"rgb"' is not assignable to type '"hsl"'.
random.ts(7,36): error TS2769: No overload matches this call.
  Overload 1 of 3, '(mode: "p3" | "rec2020" | "a98" | "cubehelix" | "dlab" | "dlch" | "hsi" | "hsl" | "hsv" | "hwb" | "jab" | "jch" | "lab" | "lab65" | "lch" | "lch65" | "lchuv" | "lrgb" | "luv" | "okhsl" | ... 7 more ... | "yiq", constraints?: Partial<...> | undefined): A98 | ... 26 more ... | Yiq', gave the following error.
    Argument of type '"1"' is not assignable to parameter of type '"p3" | "rec2020" | "a98" | "cubehelix" | "dlab" | "dlch" | "hsi" | "hsl" | "hsv" | "hwb" | "jab" | "jch" | "lab" | "lab65" | "lch" | "lch65" | "lchuv" | "lrgb" | "luv" | "okhsl" | "okhsv" | ... 6 more ... | "yiq"'.
  Overload 2 of 3, '(mode: undefined, constraints?: Partial<{ alpha?: NumberOrRange | undefined; b: NumberOrRange; g: NumberOrRange; r: NumberOrRange; }> | undefined): Rgb', gave the following error.
    Argument of type '"1"' is not assignable to parameter of type 'undefined'.
random.ts(11,7): error TS2322: Type 'Rgb' is not assignable to type 'Hsl'.
random.ts(16,7): error TS2739: Type 'Hsi' is missing the following properties from type 'Rgb': r, g, b
random.ts(22,34): error TS2769: No overload matches this call.
  Overload 1 of 3, '(mode: "yiq", constraints?: Partial<{ alpha?: NumberOrRange | undefined; i: NumberOrRange; q: NumberOrRange; y: NumberOrRange; }> | undefined): Yiq', gave the following error.
    Argument of type '{ r: number[]; }' is not assignable to parameter of type 'Partial<{ alpha?: NumberOrRange | undefined; i: NumberOrRange; q: NumberOrRange; y: NumberOrRange; }>'.
      Object literal may only specify known properties, and 'r' does not exist in type 'Partial<{ alpha?: NumberOrRange | undefined; i: NumberOrRange; q: NumberOrRange; y: NumberOrRange; }>'.
  Overload 2 of 3, '(mode: undefined, constraints?: Partial<{ alpha?: NumberOrRange | undefined; b: NumberOrRange; g: NumberOrRange; r: NumberOrRange; }> | undefined): Rgb', gave the following error.
    Argument of type '"yiq"' is not assignable to parameter of type 'undefined'.
random.ts(25,34): error TS2769: No overload matches this call.
  Overload 1 of 3, '(mode: "yiq", constraints?: Partial<{ alpha?: NumberOrRange | undefined; i: NumberOrRange; q: NumberOrRange; y: NumberOrRange; }> | undefined): Yiq', gave the following error.
    Type '[]' is not assignable to type 'NumberOrRange | undefined'.
      Type '[]' is not assignable to type '[number, number]'.
        Source has 0 element(s) but target requires 2.
  Overload 2 of 3, '(mode: undefined, constraints?: Partial<{ alpha?: NumberOrRange | undefined; b: NumberOrRange; g: NumberOrRange; r: NumberOrRange; }> | undefined): Rgb', gave the following error.
    Argument of type '"yiq"' is not assignable to parameter of type 'undefined'.
random.ts(28,35): error TS2769: No overload matches this call.
  Overload 1 of 3, '(mode: "yiq", constraints?: Partial<{ alpha?: NumberOrRange | undefined; i: NumberOrRange; q: NumberOrRange; y: NumberOrRange; }> | undefined): Yiq', gave the following error.
    Type '[number]' is not assignable to type 'NumberOrRange | undefined'.
      Type '[number]' is not assignable to type '[number, number]'.
        Source has 1 element(s) but target requires 2.
  Overload 2 of 3, '(mode: undefined, constraints?: Partial<{ alpha?: NumberOrRange | undefined; b: NumberOrRange; g: NumberOrRange; r: NumberOrRange; }> | undefined): Rgb', gave the following error.
    Argument of type '"yiq"' is not assignable to parameter of type 'undefined'.
random.ts(41,30): error TS2769: No overload matches this call.
  Overload 1 of 3, '(mode: "p3" | "rec2020" | "a98" | "cubehelix" | "dlab" | "dlch" | "hsi" | "hsl" | "hsv" | "hwb" | "jab" | "jch" | "lab" | "lab65" | "lch" | "lch65" | "lchuv" | "lrgb" | "luv" | "okhsl" | ... 7 more ... | "yiq", constraints?: Partial<...> | undefined): A98 | ... 26 more ... | Yiq', gave the following error.
    Argument of type 'undefined' is not assignable to parameter of type '"p3" | "rec2020" | "a98" | "cubehelix" | "dlab" | "dlch" | "hsi" | "hsl" | "hsv" | "hwb" | "jab" | "jch" | "lab" | "lab65" | "lch" | "lch65" | "lchuv" | "lrgb" | "luv" | "okhsl" | "okhsv" | ... 6 more ... | "yiq"'.
  Overload 2 of 3, '(mode: undefined, constraints?: Partial<{ alpha?: NumberOrRange | undefined; b: NumberOrRange; g: NumberOrRange; r: NumberOrRange; }> | undefined): Rgb', gave the following error.
    Argument of type '{ h: number[]; }' is not assignable to parameter of type 'Partial<{ alpha?: NumberOrRange | undefined; b: NumberOrRange; g: NumberOrRange; r: NumberOrRange; }>'.
      Object literal may only specify known properties, and 'h' does not exist in type 'Partial<{ alpha?: NumberOrRange | undefined; b: NumberOrRange; g: NumberOrRange; r: NumberOrRange; }>'.
